magnitude,style,mu,sigma
5,All,-1.35,0.36
6,All,-0.66,0.36
7,All,0.03,0.36
8,All,0.72,0.36
5,Strike-Slip,-1.82,0.28
6,Strike-Slip,-0.92,0.28
7,Strike-Slip,-0.02,0.28
8,Strike-Slip,0.88,0.28
5,Reverse,-0.34,0.38
6,Reverse,-0.26,0.38
7,Reverse,-0.18,0.38
8,Reverse,-0.1,0.38
5,Normal,-1.3,0.33
6,Normal,-0.67,0.33
7,Normal,-0.04,0.33
8,Normal,0.59,0.33
