location,srl_km,alpha,beta
0,100,2.013752707,0.246596964
0.1,100,2.083397553,0.295821218
0.3,100,2.229996464,0.425708687
0.38,100,2.291484819,0.492431458
0.5,100,2.386910854,0.612626394
0.54,100,2.35466861,0.569611916
0.7,100,2.229996464,0.425708687
1,100,2.013752707,0.246596964
0,5,1.53,0.58
0.2,5,1.53,0.58
1,5,1.53,0.58
