magnitude,mu,sigma
5,-1.35,0.36
6,-0.66,0.36
7,0.03,0.36
8,0.72,0.36
