magnitude,mu,sigma
5,-1.06,0.42
6,-0.24,0.42
7,0.58,0.42
8,1.4,0.42
