location,srl_km,alpha,beta
0,100,2.013752707,9.974182455
0.1,100,1.845960983,6.79372913
0.3,100,1.551155287,3.151882836
0.38,100,1.446866234,2.318220812
0.5,100,1.303430976,1.462284589
0.54,100,1.349588863,1.705059487
0.7,100,1.551155287,3.151882836
1,100,2.013752707,9.974182455
0,5,0.91,1.9
0.2,5,0.91,1.9
1,5,0.91,1.9
