model,magnitude,location,displacement,probexceed_with_full_aleatory
d_md,7,0.5,0.01,0.998495301
d_md,7,0.5,0.03,0.993748435
d_md,7,0.5,0.1,0.970857542
d_md,7,0.5,0.3,0.889892241
d_md,7,0.5,1,0.635002229
d_md,7,0.5,3,0.282906744
d_md,7,0.5,10,0.047958361
d_md,7,0.5,30,3.44E-03
