model,magnitude,location,displacement,probexceed_with_full_aleatory
d_ad,7,0.5,0.01,0.997143599
d_ad,7,0.5,0.03,0.985719222
d_ad,7,0.5,0.1,0.927276065
d_ad,7,0.5,0.3,0.751647218
d_ad,7,0.5,1,0.388624889
d_ad,7,0.5,3,0.106207595
d_ad,7,0.5,10,0.008759809
d_ad,7,0.5,30,2.75E-04
