model,magnitude,location,displacement,probexceed_with_full_aleatory
d_md,7,0.5,0.01,0.988007743
d_md,7,0.5,0.03,0.967687175
d_md,7,0.5,0.1,0.906264506
d_md,7,0.5,0.3,0.767154415
d_md,7,0.5,1,0.476200506
d_md,7,0.5,3,0.182564639
d_md,7,0.5,10,0.026561074
d_md,7,0.5,30,1.68E-03
