model,magnitude,location,displacement,probexceed_with_full_aleatory
d_ad,7,0.5,0.01,0.999897249
d_ad,7,0.5,0.03,0.998763509
d_ad,7,0.5,0.1,0.985015751
d_ad,7,0.5,0.3,0.901884801
d_ad,7,0.5,1,0.593750373
d_ad,7,0.5,3,0.213964154
d_ad,7,0.5,10,0.024036602
d_ad,7,0.5,30,9.84E-04
