location,alpha,beta
0,0.713,1.74
0.1,0.8031,1.554
0.3,0.9833,1.182
0.38,1.05538,1.0332
0.5,1.1635,0.81
0.54,1.12746,0.8844
0.7,0.9833,1.182
1,0.713,1.74
