magnitude,mu,sigma
5,-0.5972,0.17
6,-0.2728,0.17
7,0.0516,0.17
8,0.376,0.17
