location,alpha,beta
0,1.775354285,0.349937749
0.1,1.671297047,0.50373749
0.3,2.356553099,0.437840758
0.38,2.482462969,0.459241805
0.5,1.829421872,0.893597347
0.54,2.165011341,0.644449252
0.7,2.356553099,0.437840758
1,1.775354285,0.349937749
