model,magnitude,location,displacement,probexceed_with_full_aleatory
d_md,7,0.5,0.01,0.998061744
d_md,7,0.5,0.03,0.993026681
d_md,7,0.5,0.1,0.97147919
d_md,7,0.5,0.3,0.89529214
d_md,7,0.5,1,0.596380379
d_md,7,0.5,3,0.166755672
d_md,7,0.5,10,0.006400701
d_md,7,0.5,30,4.42E-05
