model,magnitude,location,displacement,probexceed_with_full_aleatory
d_ad,7,0.5,0.01,0.999838455
d_ad,7,0.5,0.03,0.998816352
d_ad,7,0.5,0.1,0.989944142
d_ad,7,0.5,0.3,0.936890744
d_ad,7,0.5,1,0.666298319
d_ad,7,0.5,3,0.198771065
d_ad,7,0.5,10,0.005115854
d_ad,7,0.5,30,5.42E-06
