magnitude,median_ad
6,0.038526498
6.1,0.05461407
6.2,0.077418332
6.3,0.10974063
6.4,0.155542339
6.5,0.220401505
6.6,0.312081809
6.7,0.441045327
6.8,0.620128555
6.9,0.860782391
7,1.160673326
7.1,1.485775058
7.2,1.783112246
7.3,2.031565045
7.4,2.248473462
7.5,2.456732888
7.6,2.670618473
7.7,2.897521245
7.8,3.141444396
7.9,3.404998134
8,3.690302099
8.1,3.999367693
8.2,4.334260374
8.3,4.697172883
