magnitude,mu,sigma
5,-0.79,0.2
6,-0.374,0.2
7,0.042,0.2
8,0.458,0.2
