location,alpha,beta
0,1.856,0.1994
0.1,1.99844,0.19108
0.3,2.28332,0.17444
0.38,2.397272,0.167784
0.5,2.5682,0.1578
0.54,2.511224,0.161128
0.7,2.28332,0.17444
1,1.856,0.1994
