location,alpha,beta
0,1.6216,0.5133
0.1,2.04957,0.46327
0.3,2.90551,0.36321
0.38,3.247886,0.323186
0.5,3.76145,0.26315
0.54,3.590262,0.283162
0.7,2.90551,0.36321
1,1.6216,0.5133
