magnitude,mu,sigma
5,-0.425,0.2
6,-0.01,0.2
7,0.405,0.2
8,0.82,0.2
