model,magnitude,location,displacement,probexceed_with_full_aleatory
d_ad,7,0.5,0.01,0.999999214
d_ad,7,0.5,0.03,0.999956942
d_ad,7,0.5,0.1,0.997380181
d_ad,7,0.5,0.3,0.94008772
d_ad,7,0.5,1,0.486175731
d_ad,7,0.5,3,0.046868363
d_ad,7,0.5,10,0.000138312
d_ad,7,0.5,30,1.56E-08
