model,magnitude,location,displacement,probexceed
elliptical,7,0.5,0.01,0.999977806
elliptical,7,0.5,0.03,0.99908106
elliptical,7,0.5,0.1,0.980026466
elliptical,7,0.5,0.3,0.861301401
elliptical,7,0.5,1,0.510063828
elliptical,7,0.5,3,0.172870636
elliptical,7,0.5,10,0.022543712
elliptical,7,0.5,30,1.48E-03
